// Jest Snapshot v1, https://goo.gl/fbAQLP

exports[`pruebas en <FistApp2/> debe de hacer match con el snapshot 1`] = `
<div>
  <h1
    data-testid="test-title"
  >
    hola, soy Goku
  </h1>
  <p />
  <p />
  <p>
    sergio Perez
  </p>
</div>
`;
