// Jest Snapshot v1, https://goo.gl/fbAQLP

exports[`pruebas en search pages should mostrarse correctamente con valores por defecto 1`] = `
<div>
  <h1>
    SearchPage
  </h1>
  <div
    class="row"
  >
    <hr />
    <div
      class="col-5"
    >
      <h4>
        Searching..
      </h4>
      <hr />
      <form
        aria-label="form"
      >
        <input
          autocomplete="off"
          class="form-control"
          name="searchText"
          placeholder="seach a hero"
          type="text"
          value=""
        />
        <button
          class="btn btn-outline-primary mt-2"
        >
          Search
        </button>
      </form>
    </div>
    <div
      class="col-7"
    >
      <h4>
        Results
      </h4>
      <hr />
      <div
        aria-label="alert-danger"
        class="alert alert-primary"
      >
        Search a hero
      </div>
    </div>
  </div>
</div>
`;
